// Jest Snapshot v1, https://goo.gl/fbAQLP

exports[`Workout Creator Store initial state should match snapshot 1`] = `
Object {
  "currentHistoryPosition": 0,
  "currentIntervals": Array [
    Object {
      "color": "#eff3ff",
      "intensity": 0.3,
      "length": 60,
    },
    Object {
      "color": "#eff3ff",
      "intensity": 0.4,
      "length": 60,
    },
    Object {
      "color": "#eff3ff",
      "intensity": 0.5,
      "length": 60,
    },
    Object {
      "color": "#bdd7e7",
      "intensity": 0.6,
      "length": 300,
    },
    Object {
      "color": "#3182bd",
      "intensity": 1.3,
      "length": 30,
    },
    Object {
      "color": "#6baed6",
      "intensity": 0.6,
      "length": 15,
    },
    Object {
      "color": "#3182bd",
      "intensity": 1.3,
      "length": 30,
    },
    Object {
      "color": "#6baed6",
      "intensity": 0.6,
      "length": 15,
    },
    Object {
      "color": "#3182bd",
      "intensity": 1.3,
      "length": 30,
    },
    Object {
      "color": "#6baed6",
      "intensity": 0.6,
      "length": 15,
    },
    Object {
      "color": "#3182bd",
      "intensity": 1.3,
      "length": 30,
    },
    Object {
      "color": "#6baed6",
      "intensity": 0.6,
      "length": 15,
    },
    Object {
      "color": "#3182bd",
      "intensity": 1.3,
      "length": 30,
    },
    Object {
      "color": "#6baed6",
      "intensity": 0.6,
      "length": 15,
    },
    Object {
      "color": "#3182bd",
      "intensity": 1.3,
      "length": 30,
    },
    Object {
      "color": "#6baed6",
      "intensity": 0.6,
      "length": 15,
    },
    Object {
      "color": "#3182bd",
      "intensity": 1.3,
      "length": 30,
    },
    Object {
      "color": "#6baed6",
      "intensity": 0.6,
      "length": 15,
    },
    Object {
      "color": "#3182bd",
      "intensity": 1.3,
      "length": 30,
    },
    Object {
      "color": "#6baed6",
      "intensity": 0.6,
      "length": 15,
    },
    Object {
      "color": "#3182bd",
      "intensity": 1.3,
      "length": 30,
    },
    Object {
      "color": "#6baed6",
      "intensity": 0.6,
      "length": 15,
    },
    Object {
      "color": "#3182bd",
      "intensity": 1.3,
      "length": 30,
    },
    Object {
      "color": "#6baed6",
      "intensity": 0.6,
      "length": 15,
    },
    Object {
      "color": "#3182bd",
      "intensity": 1.3,
      "length": 30,
    },
    Object {
      "color": "#6baed6",
      "intensity": 0.6,
      "length": 15,
    },
    Object {
      "color": "#3182bd",
      "intensity": 1.3,
      "length": 30,
    },
    Object {
      "color": "#6baed6",
      "intensity": 0.6,
      "length": 15,
    },
    Object {
      "color": "#3182bd",
      "intensity": 1.3,
      "length": 30,
    },
    Object {
      "color": "#6baed6",
      "intensity": 0.6,
      "length": 15,
    },
    Object {
      "color": "#bdd7e7",
      "intensity": 0.6,
      "length": 300,
    },
  ],
  "history": Array [
    Array [
      Object {
        "color": "#eff3ff",
        "intensity": 0.3,
        "length": 60,
      },
      Object {
        "color": "#eff3ff",
        "intensity": 0.4,
        "length": 60,
      },
      Object {
        "color": "#eff3ff",
        "intensity": 0.5,
        "length": 60,
      },
      Object {
        "color": "#bdd7e7",
        "intensity": 0.6,
        "length": 300,
      },
      Object {
        "color": "#3182bd",
        "intensity": 1.3,
        "length": 30,
      },
      Object {
        "color": "#6baed6",
        "intensity": 0.6,
        "length": 15,
      },
      Object {
        "color": "#3182bd",
        "intensity": 1.3,
        "length": 30,
      },
      Object {
        "color": "#6baed6",
        "intensity": 0.6,
        "length": 15,
      },
      Object {
        "color": "#3182bd",
        "intensity": 1.3,
        "length": 30,
      },
      Object {
        "color": "#6baed6",
        "intensity": 0.6,
        "length": 15,
      },
      Object {
        "color": "#3182bd",
        "intensity": 1.3,
        "length": 30,
      },
      Object {
        "color": "#6baed6",
        "intensity": 0.6,
        "length": 15,
      },
      Object {
        "color": "#3182bd",
        "intensity": 1.3,
        "length": 30,
      },
      Object {
        "color": "#6baed6",
        "intensity": 0.6,
        "length": 15,
      },
      Object {
        "color": "#3182bd",
        "intensity": 1.3,
        "length": 30,
      },
      Object {
        "color": "#6baed6",
        "intensity": 0.6,
        "length": 15,
      },
      Object {
        "color": "#3182bd",
        "intensity": 1.3,
        "length": 30,
      },
      Object {
        "color": "#6baed6",
        "intensity": 0.6,
        "length": 15,
      },
      Object {
        "color": "#3182bd",
        "intensity": 1.3,
        "length": 30,
      },
      Object {
        "color": "#6baed6",
        "intensity": 0.6,
        "length": 15,
      },
      Object {
        "color": "#3182bd",
        "intensity": 1.3,
        "length": 30,
      },
      Object {
        "color": "#6baed6",
        "intensity": 0.6,
        "length": 15,
      },
      Object {
        "color": "#3182bd",
        "intensity": 1.3,
        "length": 30,
      },
      Object {
        "color": "#6baed6",
        "intensity": 0.6,
        "length": 15,
      },
      Object {
        "color": "#3182bd",
        "intensity": 1.3,
        "length": 30,
      },
      Object {
        "color": "#6baed6",
        "intensity": 0.6,
        "length": 15,
      },
      Object {
        "color": "#3182bd",
        "intensity": 1.3,
        "length": 30,
      },
      Object {
        "color": "#6baed6",
        "intensity": 0.6,
        "length": 15,
      },
      Object {
        "color": "#3182bd",
        "intensity": 1.3,
        "length": 30,
      },
      Object {
        "color": "#6baed6",
        "intensity": 0.6,
        "length": 15,
      },
      Object {
        "color": "#bdd7e7",
        "intensity": 0.6,
        "length": 300,
      },
    ],
  ],
  "selectedIndex": null,
}
`;
