// Jest Snapshot v1, https://goo.gl/fbAQLP

exports[`Counter component renders correctly 1`] = `
<div
  className="makeStyles-root-1"
>
  <div
    className="MuiPaper-root makeStyles-paper-2 MuiPaper-elevation1 MuiPaper-rounded"
  >
    <table
      aria-label="activity table"
      className="MuiTable-root makeStyles-table-3"
    >
      <thead
        className="MuiTableHead-root"
      >
        <tr
          className="MuiTableRow-root MuiTableRow-head"
        >
          <th
            aria-sort={null}
            className="MuiTableCell-root MuiTableCell-head MuiTableCell-sizeSmall"
            scope="col"
          >
            Filename
          </th>
          <th
            aria-sort={null}
            className="MuiTableCell-root MuiTableCell-head MuiTableCell-alignRight MuiTableCell-sizeSmall"
            scope="col"
          >
            Name
          </th>
          <th
            aria-sort={null}
            className="MuiTableCell-root MuiTableCell-head MuiTableCell-alignRight MuiTableCell-sizeSmall"
            scope="col"
          >
            Date
          </th>
        </tr>
      </thead>
      <tbody
        className="MuiTableBody-root"
      >
        <tr
          className="MuiTableRow-root"
        >
          <th
            aria-sort={null}
            className="MuiTableCell-root MuiTableCell-body MuiTableCell-sizeSmall"
            scope="row"
          >
            1
          </th>
          <td
            aria-sort={null}
            className="MuiTableCell-root MuiTableCell-body MuiTableCell-alignRight MuiTableCell-sizeSmall"
          >
            one
          </td>
          <td
            aria-sort={null}
            className="MuiTableCell-root MuiTableCell-body MuiTableCell-alignRight MuiTableCell-sizeSmall"
          >
            Tue Feb 01 2000 00:00:00 GMT+0000 (Greenwich Mean Time)
          </td>
        </tr>
        <tr
          className="MuiTableRow-root"
        >
          <th
            aria-sort={null}
            className="MuiTableCell-root MuiTableCell-body MuiTableCell-sizeSmall"
            scope="row"
          >
            2
          </th>
          <td
            aria-sort={null}
            className="MuiTableCell-root MuiTableCell-body MuiTableCell-alignRight MuiTableCell-sizeSmall"
          >
            two
          </td>
          <td
            aria-sort={null}
            className="MuiTableCell-root MuiTableCell-body MuiTableCell-alignRight MuiTableCell-sizeSmall"
          >
            undefined
          </td>
        </tr>
      </tbody>
    </table>
  </div>
</div>
`;
